PREHOOK: query: -- hive-2477
explain select key from (select cast(key as string) from src )t
PREHOOK: type: QUERY
POSTHOOK: query: -- hive-2477
explain select key from (select cast(key as string) from src )t
POSTHOOK: type: QUERY
ABSTRACT SYNTAX TREE:
  (TOK_QUERY (TOK_FROM (TOK_SUBQUERY (TOK_QUERY (TOK_FROM (TOK_TABREF (TOK_TABNAME src))) (TOK_INSERT (TOK_DESTINATION (TOK_DIR TOK_TMP_FILE)) (TOK_SELECT (TOK_SELEXPR (TOK_FUNCTION TOK_STRING (TOK_TABLE_OR_COL key)))))) t)) (TOK_INSERT (TOK_DESTINATION (TOK_DIR TOK_TMP_FILE)) (TOK_SELECT (TOK_SELEXPR (TOK_TABLE_OR_COL key)))))

STAGE DEPENDENCIES:
  Stage-1 is a root stage
  Stage-0 is a root stage

STAGE PLANS:
  Stage: Stage-1
    Map Reduce
      Alias -> Map Operator Tree:
        t:src 
          TableScan
            alias: src
            Select Operator
              expressions:
                    expr: key
                    type: string
              outputColumnNames: _col0
              Select Operator
                expressions:
                      expr: _col0
                      type: string
                outputColumnNames: _col0
                File Output Operator
                  compressed: false
                  GlobalTableId: 0
                  table:
                      input format: org.apache.hadoop.mapred.TextInputFormat
                      output format: org.apache.hadoop.hive.ql.io.HiveIgnoreKeyTextOutputFormat

  Stage: Stage-0
    Fetch Operator
      limit: -1


