PREHOOK: query: drop table emp
PREHOOK: type: DROPTABLE
POSTHOOK: query: drop table emp
POSTHOOK: type: DROPTABLE
PREHOOK: query: CREATE TABLE emp (empno int, ename string, job string, mgr int, hiredate string, sal float, comm double, deptno int)
ROW FORMAT delimited fields terminated by ' ' STORED AS TEXTFILE
PREHOOK: type: CREATETABLE
POSTHOOK: query: CREATE TABLE emp (empno int, ename string, job string, mgr int, hiredate string, sal float, comm double, deptno int)
ROW FORMAT delimited fields terminated by ' ' STORED AS TEXTFILE
POSTHOOK: type: CREATETABLE
POSTHOOK: Output: default@emp
PREHOOK: query: LOAD DATA LOCAL INPATH '../data/files/employee.txt' INTO TABLE emp
PREHOOK: type: LOAD
PREHOOK: Output: default@emp
POSTHOOK: query: LOAD DATA LOCAL INPATH '../data/files/employee.txt' INTO TABLE emp
POSTHOOK: type: LOAD
POSTHOOK: Output: default@emp
PREHOOK: query: select sal,comm from emp where sal < 1250.0f OR comm=0d
PREHOOK: type: QUERY
PREHOOK: Input: default@emp
#### A masked pattern was here ####
POSTHOOK: query: select sal,comm from emp where sal < 1250.0f OR comm=0d
POSTHOOK: type: QUERY
POSTHOOK: Input: default@emp
#### A masked pattern was here ####
800.0	NULL
1500.0	0.0
1100.0	NULL
950.0	NULL
PREHOOK: query: select sal,comm from emp where sal >= 1250.0f AND sal < 1600.0f AND (comm IS NULL OR comm < 500.0d)
PREHOOK: type: QUERY
PREHOOK: Input: default@emp
#### A masked pattern was here ####
POSTHOOK: query: select sal,comm from emp where sal >= 1250.0f AND sal < 1600.0f AND (comm IS NULL OR comm < 500.0d)
POSTHOOK: type: QUERY
POSTHOOK: Input: default@emp
#### A masked pattern was here ####
1500.0	0.0
1300.0	NULL
PREHOOK: query: select sal,comm from emp where sal >= 1600.0f OR comm >= 500d
PREHOOK: type: QUERY
PREHOOK: Input: default@emp
#### A masked pattern was here ####
POSTHOOK: query: select sal,comm from emp where sal >= 1600.0f OR comm >= 500d
POSTHOOK: type: QUERY
POSTHOOK: Input: default@emp
#### A masked pattern was here ####
1600.0	300.0
1250.0	500.0
2975.0	NULL
1250.0	1400.0
2850.0	NULL
2450.0	NULL
3000.0	NULL
5000.0	NULL
3000.0	NULL
PREHOOK: query: drop table emp
PREHOOK: type: DROPTABLE
PREHOOK: Input: default@emp
PREHOOK: Output: default@emp
POSTHOOK: query: drop table emp
POSTHOOK: type: DROPTABLE
POSTHOOK: Input: default@emp
POSTHOOK: Output: default@emp
