PREHOOK: query: create table impressions (imp string, msg string)
row format delimited
fields terminated by '\t'
lines terminated by '\n'
stored as textfile
PREHOOK: type: CREATETABLE
PREHOOK: Output: database:default
PREHOOK: Output: default@impressions
POSTHOOK: query: create table impressions (imp string, msg string)
row format delimited
fields terminated by '\t'
lines terminated by '\n'
stored as textfile
POSTHOOK: type: CREATETABLE
POSTHOOK: Output: database:default
POSTHOOK: Output: default@impressions
PREHOOK: query: LOAD DATA LOCAL INPATH '../../data/files/in7.txt' INTO TABLE impressions
PREHOOK: type: LOAD
#### A masked pattern was here ####
PREHOOK: Output: default@impressions
POSTHOOK: query: LOAD DATA LOCAL INPATH '../../data/files/in7.txt' INTO TABLE impressions
POSTHOOK: type: LOAD
#### A masked pattern was here ####
POSTHOOK: Output: default@impressions
PREHOOK: query: select * from impressions
PREHOOK: type: QUERY
PREHOOK: Input: default@impressions
#### A masked pattern was here ####
POSTHOOK: query: select * from impressions
POSTHOOK: type: QUERY
POSTHOOK: Input: default@impressions
#### A masked pattern was here ####
35	40
48	32
100100	40
PREHOOK: query: select imp,msg from impressions
PREHOOK: type: QUERY
PREHOOK: Input: default@impressions
#### A masked pattern was here ####
POSTHOOK: query: select imp,msg from impressions
POSTHOOK: type: QUERY
POSTHOOK: Input: default@impressions
#### A masked pattern was here ####
35	40
48	32
100100	40
PREHOOK: query: drop table impressions
PREHOOK: type: DROPTABLE
PREHOOK: Input: default@impressions
PREHOOK: Output: default@impressions
POSTHOOK: query: drop table impressions
POSTHOOK: type: DROPTABLE
POSTHOOK: Input: default@impressions
POSTHOOK: Output: default@impressions
PREHOOK: query: create table loc2 ( 
  state string,
  locid int,
  zip bigint,
  year int
) row format delimited fields terminated by '||' stored as textfile
PREHOOK: type: CREATETABLE
PREHOOK: Output: database:default
PREHOOK: Output: default@loc2
POSTHOOK: query: create table loc2 ( 
  state string,
  locid int,
  zip bigint,
  year int
) row format delimited fields terminated by '||' stored as textfile
POSTHOOK: type: CREATETABLE
POSTHOOK: Output: database:default
POSTHOOK: Output: default@loc2
PREHOOK: query: LOAD DATA LOCAL INPATH '../../data/files/loc2.txt' INTO TABLE loc2
PREHOOK: type: LOAD
#### A masked pattern was here ####
PREHOOK: Output: default@loc2
POSTHOOK: query: LOAD DATA LOCAL INPATH '../../data/files/loc2.txt' INTO TABLE loc2
POSTHOOK: type: LOAD
#### A masked pattern was here ####
POSTHOOK: Output: default@loc2
PREHOOK: query: select * from loc2
PREHOOK: type: QUERY
PREHOOK: Input: default@loc2
#### A masked pattern was here ####
POSTHOOK: query: select * from loc2
POSTHOOK: type: QUERY
POSTHOOK: Input: default@loc2
#### A masked pattern was here ####
OH	1	43201	2001
IO	2	43202	2001
CA	5	43809	2001
FL	3	54342	2001
UT	5	NULL	2001
CA	5	43809	2001
	4	40000	NULL
FL	6	54342	2001
|FL	6	54342	2001
FL	6	54342	2001
PREHOOK: query: drop table loc2
PREHOOK: type: DROPTABLE
PREHOOK: Input: default@loc2
PREHOOK: Output: default@loc2
POSTHOOK: query: drop table loc2
POSTHOOK: type: DROPTABLE
POSTHOOK: Input: default@loc2
POSTHOOK: Output: default@loc2
