PREHOOK: query: CREATE TABLE exchange_part_test1 (f1 string) PARTITIONED BY (ds STRING, hr STRING)
PREHOOK: type: CREATETABLE
PREHOOK: Output: database:default
POSTHOOK: query: CREATE TABLE exchange_part_test1 (f1 string) PARTITIONED BY (ds STRING, hr STRING)
POSTHOOK: type: CREATETABLE
POSTHOOK: Output: database:default
POSTHOOK: Output: default@exchange_part_test1
PREHOOK: query: CREATE TABLE exchange_part_test2 (f1 string)
PREHOOK: type: CREATETABLE
PREHOOK: Output: database:default
POSTHOOK: query: CREATE TABLE exchange_part_test2 (f1 string)
POSTHOOK: type: CREATETABLE
POSTHOOK: Output: database:default
POSTHOOK: Output: default@exchange_part_test2
PREHOOK: query: ALTER TABLE exchange_part_test1 ADD PARTITION (ds='B', hr='1')
PREHOOK: type: ALTERTABLE_ADDPARTS
PREHOOK: Output: default@exchange_part_test1
POSTHOOK: query: ALTER TABLE exchange_part_test1 ADD PARTITION (ds='B', hr='1')
POSTHOOK: type: ALTERTABLE_ADDPARTS
POSTHOOK: Output: default@exchange_part_test1
POSTHOOK: Output: default@exchange_part_test1@ds=B/hr=1
PREHOOK: query: ALTER TABLE exchange_part_test1 ADD PARTITION (ds='B', hr='2')
PREHOOK: type: ALTERTABLE_ADDPARTS
PREHOOK: Output: default@exchange_part_test1
POSTHOOK: query: ALTER TABLE exchange_part_test1 ADD PARTITION (ds='B', hr='2')
POSTHOOK: type: ALTERTABLE_ADDPARTS
POSTHOOK: Output: default@exchange_part_test1
POSTHOOK: Output: default@exchange_part_test1@ds=B/hr=2
PREHOOK: query: ALTER TABLE exchange_part_test1 EXCHANGE PARTITION (ds='A', hr='1') WITH TABLE exchange_part_test2
PREHOOK: type: null
POSTHOOK: query: ALTER TABLE exchange_part_test1 EXCHANGE PARTITION (ds='A', hr='1') WITH TABLE exchange_part_test2
POSTHOOK: type: null
PREHOOK: query: SHOW PARTITIONS exchange_part_test1
PREHOOK: type: SHOWPARTITIONS
POSTHOOK: query: SHOW PARTITIONS exchange_part_test1
POSTHOOK: type: SHOWPARTITIONS
ds=A/hr=1
ds=B/hr=1
ds=B/hr=2
PREHOOK: query: DESC exchange_part_test2
PREHOOK: type: DESCTABLE
POSTHOOK: query: DESC exchange_part_test2
POSTHOOK: type: DESCTABLE
f1                  	string              	                    
