PREHOOK: query: CREATE TABLE exchange_part_test1 (f1 string) PARTITIONED BY (ds STRING, hr STRING, mn STRING)
PREHOOK: type: CREATETABLE
PREHOOK: Output: database:default
POSTHOOK: query: CREATE TABLE exchange_part_test1 (f1 string) PARTITIONED BY (ds STRING, hr STRING, mn STRING)
POSTHOOK: type: CREATETABLE
POSTHOOK: Output: database:default
POSTHOOK: Output: default@exchange_part_test1
PREHOOK: query: CREATE TABLE exchange_part_test2 (f1 string) PARTITIONED BY (mn STRING)
PREHOOK: type: CREATETABLE
PREHOOK: Output: database:default
POSTHOOK: query: CREATE TABLE exchange_part_test2 (f1 string) PARTITIONED BY (mn STRING)
POSTHOOK: type: CREATETABLE
POSTHOOK: Output: database:default
POSTHOOK: Output: default@exchange_part_test2
PREHOOK: query: ALTER TABLE exchange_part_test1 ADD PARTITION (ds='B', hr='1', mn='10')
PREHOOK: type: ALTERTABLE_ADDPARTS
PREHOOK: Output: default@exchange_part_test1
POSTHOOK: query: ALTER TABLE exchange_part_test1 ADD PARTITION (ds='B', hr='1', mn='10')
POSTHOOK: type: ALTERTABLE_ADDPARTS
POSTHOOK: Output: default@exchange_part_test1
POSTHOOK: Output: default@exchange_part_test1@ds=B/hr=1/mn=10
PREHOOK: query: ALTER TABLE exchange_part_test1 ADD PARTITION (ds='B', hr='1', mn='20')
PREHOOK: type: ALTERTABLE_ADDPARTS
PREHOOK: Output: default@exchange_part_test1
POSTHOOK: query: ALTER TABLE exchange_part_test1 ADD PARTITION (ds='B', hr='1', mn='20')
POSTHOOK: type: ALTERTABLE_ADDPARTS
POSTHOOK: Output: default@exchange_part_test1
POSTHOOK: Output: default@exchange_part_test1@ds=B/hr=1/mn=20
PREHOOK: query: ALTER TABLE exchange_part_test1 ADD PARTITION (ds='B', hr='2', mn='10')
PREHOOK: type: ALTERTABLE_ADDPARTS
PREHOOK: Output: default@exchange_part_test1
POSTHOOK: query: ALTER TABLE exchange_part_test1 ADD PARTITION (ds='B', hr='2', mn='10')
POSTHOOK: type: ALTERTABLE_ADDPARTS
POSTHOOK: Output: default@exchange_part_test1
POSTHOOK: Output: default@exchange_part_test1@ds=B/hr=2/mn=10
PREHOOK: query: ALTER TABLE exchange_part_test1 ADD PARTITION (ds='B', hr='2', mn='20')
PREHOOK: type: ALTERTABLE_ADDPARTS
PREHOOK: Output: default@exchange_part_test1
POSTHOOK: query: ALTER TABLE exchange_part_test1 ADD PARTITION (ds='B', hr='2', mn='20')
POSTHOOK: type: ALTERTABLE_ADDPARTS
POSTHOOK: Output: default@exchange_part_test1
POSTHOOK: Output: default@exchange_part_test1@ds=B/hr=2/mn=20
PREHOOK: query: ALTER TABLE exchange_part_test2 ADD PARTITION (mn='10')
PREHOOK: type: ALTERTABLE_ADDPARTS
PREHOOK: Output: default@exchange_part_test2
POSTHOOK: query: ALTER TABLE exchange_part_test2 ADD PARTITION (mn='10')
POSTHOOK: type: ALTERTABLE_ADDPARTS
POSTHOOK: Output: default@exchange_part_test2
POSTHOOK: Output: default@exchange_part_test2@mn=10
PREHOOK: query: ALTER TABLE exchange_part_test2 ADD PARTITION (mn='20')
PREHOOK: type: ALTERTABLE_ADDPARTS
PREHOOK: Output: default@exchange_part_test2
POSTHOOK: query: ALTER TABLE exchange_part_test2 ADD PARTITION (mn='20')
POSTHOOK: type: ALTERTABLE_ADDPARTS
POSTHOOK: Output: default@exchange_part_test2
POSTHOOK: Output: default@exchange_part_test2@mn=20
PREHOOK: query: ALTER TABLE exchange_part_test1 EXCHANGE PARTITION (ds='A', hr='3') WITH TABLE exchange_part_test2
PREHOOK: type: null
POSTHOOK: query: ALTER TABLE exchange_part_test1 EXCHANGE PARTITION (ds='A', hr='3') WITH TABLE exchange_part_test2
POSTHOOK: type: null
PREHOOK: query: SHOW PARTITIONS exchange_part_test1
PREHOOK: type: SHOWPARTITIONS
POSTHOOK: query: SHOW PARTITIONS exchange_part_test1
POSTHOOK: type: SHOWPARTITIONS
ds=A/hr=3/mn=10
ds=A/hr=3/mn=20
ds=B/hr=1/mn=10
ds=B/hr=1/mn=20
ds=B/hr=2/mn=10
ds=B/hr=2/mn=20
PREHOOK: query: SHOW PARTITIONS exchange_part_test2
PREHOOK: type: SHOWPARTITIONS
POSTHOOK: query: SHOW PARTITIONS exchange_part_test2
POSTHOOK: type: SHOWPARTITIONS
