PREHOOK: query: EXPLAIN SELECT value FROM SRC ORDER BY key desc limit 10
PREHOOK: type: QUERY
POSTHOOK: query: EXPLAIN SELECT value FROM SRC ORDER BY key desc limit 10
POSTHOOK: type: QUERY
ABSTRACT SYNTAX TREE:
  (TOK_QUERY (TOK_FROM (TOK_TABREF (TOK_TABNAME SRC))) (TOK_INSERT (TOK_DESTINATION (TOK_DIR TOK_TMP_FILE)) (TOK_SELECT (TOK_SELEXPR (TOK_TABLE_OR_COL value))) (TOK_ORDERBY (TOK_TABSORTCOLNAMEDESC (TOK_TABLE_OR_COL key))) (TOK_LIMIT 10)))

STAGE DEPENDENCIES:
  Stage-1 is a root stage
  Stage-0 is a root stage

STAGE PLANS:
  Stage: Stage-1
    Map Reduce
      Alias -> Map Operator Tree:
        src 
          TableScan
            alias: src
            Select Operator
              expressions:
                    expr: value
                    type: string
                    expr: key
                    type: string
              outputColumnNames: _col0, _col1
              Reduce Output Operator
                key expressions:
                      expr: _col1
                      type: string
                sort order: -
                tag: -1
                value expressions:
                      expr: _col0
                      type: string
                      expr: _col1
                      type: string
      Reduce Operator Tree:
        Extract
          Limit
            Select Operator
              expressions:
                    expr: _col0
                    type: string
              outputColumnNames: _col0
              File Output Operator
                compressed: false
                GlobalTableId: 0
                table:
                    input format: org.apache.hadoop.mapred.TextInputFormat
                    output format: org.apache.hadoop.hive.ql.io.HiveIgnoreKeyTextOutputFormat

  Stage: Stage-0
    Fetch Operator
      limit: 10


PREHOOK: query: SELECT value FROM SRC ORDER BY key desc limit 10
PREHOOK: type: QUERY
PREHOOK: Input: default@src
#### A masked pattern was here ####
POSTHOOK: query: SELECT value FROM SRC ORDER BY key desc limit 10
POSTHOOK: type: QUERY
POSTHOOK: Input: default@src
#### A masked pattern was here ####
val_98
val_98
val_97
val_97
val_96
val_95
val_95
val_92
val_90
val_90
PREHOOK: query: EXPLAIN SELECT value FROM SRC DISTRIBUTE BY value SORT BY key desc limit 10
PREHOOK: type: QUERY
POSTHOOK: query: EXPLAIN SELECT value FROM SRC DISTRIBUTE BY value SORT BY key desc limit 10
POSTHOOK: type: QUERY
ABSTRACT SYNTAX TREE:
  (TOK_QUERY (TOK_FROM (TOK_TABREF (TOK_TABNAME SRC))) (TOK_INSERT (TOK_DESTINATION (TOK_DIR TOK_TMP_FILE)) (TOK_SELECT (TOK_SELEXPR (TOK_TABLE_OR_COL value))) (TOK_DISTRIBUTEBY (TOK_TABLE_OR_COL value)) (TOK_SORTBY (TOK_TABSORTCOLNAMEDESC (TOK_TABLE_OR_COL key))) (TOK_LIMIT 10)))

STAGE DEPENDENCIES:
  Stage-1 is a root stage
  Stage-2 depends on stages: Stage-1
  Stage-0 is a root stage

STAGE PLANS:
  Stage: Stage-1
    Map Reduce
      Alias -> Map Operator Tree:
        src 
          TableScan
            alias: src
            Select Operator
              expressions:
                    expr: value
                    type: string
                    expr: key
                    type: string
              outputColumnNames: _col0, _col1
              Reduce Output Operator
                key expressions:
                      expr: _col1
                      type: string
                sort order: -
                Map-reduce partition columns:
                      expr: _col0
                      type: string
                tag: -1
                value expressions:
                      expr: _col0
                      type: string
                      expr: _col1
                      type: string
      Reduce Operator Tree:
        Extract
          Limit
            File Output Operator
              compressed: false
              GlobalTableId: 0
              table:
                  input format: org.apache.hadoop.mapred.SequenceFileInputFormat
                  output format: org.apache.hadoop.hive.ql.io.HiveSequenceFileOutputFormat

  Stage: Stage-2
    Map Reduce
      Alias -> Map Operator Tree:
#### A masked pattern was here ####
            Reduce Output Operator
              key expressions:
                    expr: _col1
                    type: string
              sort order: -
              Map-reduce partition columns:
                    expr: _col0
                    type: string
              tag: -1
              value expressions:
                    expr: _col0
                    type: string
                    expr: _col1
                    type: string
      Reduce Operator Tree:
        Extract
          Limit
            Select Operator
              expressions:
                    expr: _col0
                    type: string
              outputColumnNames: _col0
              File Output Operator
                compressed: false
                GlobalTableId: 0
                table:
                    input format: org.apache.hadoop.mapred.TextInputFormat
                    output format: org.apache.hadoop.hive.ql.io.HiveIgnoreKeyTextOutputFormat

  Stage: Stage-0
    Fetch Operator
      limit: 10


PREHOOK: query: SELECT value FROM SRC DISTRIBUTE BY value SORT BY key desc limit 10
PREHOOK: type: QUERY
PREHOOK: Input: default@src
#### A masked pattern was here ####
POSTHOOK: query: SELECT value FROM SRC DISTRIBUTE BY value SORT BY key desc limit 10
POSTHOOK: type: QUERY
POSTHOOK: Input: default@src
#### A masked pattern was here ####
val_98
val_98
val_97
val_97
val_96
val_95
val_95
val_92
val_90
val_90
