PREHOOK: query: create table ppr_test (key string) partitioned by (ds string)
PREHOOK: type: CREATETABLE
POSTHOOK: query: create table ppr_test (key string) partitioned by (ds string)
POSTHOOK: type: CREATETABLE
POSTHOOK: Output: default@ppr_test
PREHOOK: query: alter table ppr_test add partition (ds = '1234')
PREHOOK: type: ALTERTABLE_ADDPARTS
PREHOOK: Input: default@ppr_test
POSTHOOK: query: alter table ppr_test add partition (ds = '1234')
POSTHOOK: type: ALTERTABLE_ADDPARTS
POSTHOOK: Input: default@ppr_test
POSTHOOK: Output: default@ppr_test@ds=1234
PREHOOK: query: alter table ppr_test add partition (ds = '1224')
PREHOOK: type: ALTERTABLE_ADDPARTS
PREHOOK: Input: default@ppr_test
POSTHOOK: query: alter table ppr_test add partition (ds = '1224')
POSTHOOK: type: ALTERTABLE_ADDPARTS
POSTHOOK: Input: default@ppr_test
POSTHOOK: Output: default@ppr_test@ds=1224
PREHOOK: query: alter table ppr_test add partition (ds = '1214')
PREHOOK: type: ALTERTABLE_ADDPARTS
PREHOOK: Input: default@ppr_test
POSTHOOK: query: alter table ppr_test add partition (ds = '1214')
POSTHOOK: type: ALTERTABLE_ADDPARTS
POSTHOOK: Input: default@ppr_test
POSTHOOK: Output: default@ppr_test@ds=1214
PREHOOK: query: alter table ppr_test add partition (ds = '12+4')
PREHOOK: type: ALTERTABLE_ADDPARTS
PREHOOK: Input: default@ppr_test
POSTHOOK: query: alter table ppr_test add partition (ds = '12+4')
POSTHOOK: type: ALTERTABLE_ADDPARTS
POSTHOOK: Input: default@ppr_test
POSTHOOK: Output: default@ppr_test@ds=12+4
PREHOOK: query: alter table ppr_test add partition (ds = '12.4')
PREHOOK: type: ALTERTABLE_ADDPARTS
PREHOOK: Input: default@ppr_test
POSTHOOK: query: alter table ppr_test add partition (ds = '12.4')
POSTHOOK: type: ALTERTABLE_ADDPARTS
POSTHOOK: Input: default@ppr_test
POSTHOOK: Output: default@ppr_test@ds=12.4
PREHOOK: query: alter table ppr_test add partition (ds = '12:4')
PREHOOK: type: ALTERTABLE_ADDPARTS
PREHOOK: Input: default@ppr_test
POSTHOOK: query: alter table ppr_test add partition (ds = '12:4')
POSTHOOK: type: ALTERTABLE_ADDPARTS
POSTHOOK: Input: default@ppr_test
POSTHOOK: Output: default@ppr_test@ds=12%3A4
PREHOOK: query: alter table ppr_test add partition (ds = '12%4')
PREHOOK: type: ALTERTABLE_ADDPARTS
PREHOOK: Input: default@ppr_test
POSTHOOK: query: alter table ppr_test add partition (ds = '12%4')
POSTHOOK: type: ALTERTABLE_ADDPARTS
POSTHOOK: Input: default@ppr_test
POSTHOOK: Output: default@ppr_test@ds=12%254
PREHOOK: query: alter table ppr_test add partition (ds = '12*4')
PREHOOK: type: ALTERTABLE_ADDPARTS
PREHOOK: Input: default@ppr_test
POSTHOOK: query: alter table ppr_test add partition (ds = '12*4')
POSTHOOK: type: ALTERTABLE_ADDPARTS
POSTHOOK: Input: default@ppr_test
POSTHOOK: Output: default@ppr_test@ds=12%2A4
PREHOOK: query: insert overwrite table ppr_test partition(ds = '1234') select explode(array('abcd', '1234')) as col from src limit 2
PREHOOK: type: QUERY
PREHOOK: Input: default@src
PREHOOK: Output: default@ppr_test@ds=1234
POSTHOOK: query: insert overwrite table ppr_test partition(ds = '1234') select explode(array('abcd', '1234')) as col from src limit 2
POSTHOOK: type: QUERY
POSTHOOK: Input: default@src
POSTHOOK: Output: default@ppr_test@ds=1234
POSTHOOK: Lineage: ppr_test PARTITION(ds=1234).key SCRIPT []
PREHOOK: query: insert overwrite table ppr_test partition(ds = '1224') select explode(array('abcd', '1224')) as col from src limit 2
PREHOOK: type: QUERY
PREHOOK: Input: default@src
PREHOOK: Output: default@ppr_test@ds=1224
POSTHOOK: query: insert overwrite table ppr_test partition(ds = '1224') select explode(array('abcd', '1224')) as col from src limit 2
POSTHOOK: type: QUERY
POSTHOOK: Input: default@src
POSTHOOK: Output: default@ppr_test@ds=1224
POSTHOOK: Lineage: ppr_test PARTITION(ds=1224).key SCRIPT []
POSTHOOK: Lineage: ppr_test PARTITION(ds=1234).key SCRIPT []
PREHOOK: query: insert overwrite table ppr_test partition(ds = '1214') select explode(array('abcd', '1214')) as col from src limit 2
PREHOOK: type: QUERY
PREHOOK: Input: default@src
PREHOOK: Output: default@ppr_test@ds=1214
POSTHOOK: query: insert overwrite table ppr_test partition(ds = '1214') select explode(array('abcd', '1214')) as col from src limit 2
POSTHOOK: type: QUERY
POSTHOOK: Input: default@src
POSTHOOK: Output: default@ppr_test@ds=1214
POSTHOOK: Lineage: ppr_test PARTITION(ds=1214).key SCRIPT []
POSTHOOK: Lineage: ppr_test PARTITION(ds=1224).key SCRIPT []
POSTHOOK: Lineage: ppr_test PARTITION(ds=1234).key SCRIPT []
PREHOOK: query: insert overwrite table ppr_test partition(ds = '12+4') select explode(array('abcd', '12+4')) as col from src limit 2
PREHOOK: type: QUERY
PREHOOK: Input: default@src
PREHOOK: Output: default@ppr_test@ds=12+4
POSTHOOK: query: insert overwrite table ppr_test partition(ds = '12+4') select explode(array('abcd', '12+4')) as col from src limit 2
POSTHOOK: type: QUERY
POSTHOOK: Input: default@src
POSTHOOK: Output: default@ppr_test@ds=12+4
POSTHOOK: Lineage: ppr_test PARTITION(ds=12+4).key SCRIPT []
POSTHOOK: Lineage: ppr_test PARTITION(ds=1214).key SCRIPT []
POSTHOOK: Lineage: ppr_test PARTITION(ds=1224).key SCRIPT []
POSTHOOK: Lineage: ppr_test PARTITION(ds=1234).key SCRIPT []
PREHOOK: query: insert overwrite table ppr_test partition(ds = '12.4') select explode(array('abcd', '12.4')) as col from src limit 2
PREHOOK: type: QUERY
PREHOOK: Input: default@src
PREHOOK: Output: default@ppr_test@ds=12.4
POSTHOOK: query: insert overwrite table ppr_test partition(ds = '12.4') select explode(array('abcd', '12.4')) as col from src limit 2
POSTHOOK: type: QUERY
POSTHOOK: Input: default@src
POSTHOOK: Output: default@ppr_test@ds=12.4
POSTHOOK: Lineage: ppr_test PARTITION(ds=12+4).key SCRIPT []
POSTHOOK: Lineage: ppr_test PARTITION(ds=12.4).key SCRIPT []
POSTHOOK: Lineage: ppr_test PARTITION(ds=1214).key SCRIPT []
POSTHOOK: Lineage: ppr_test PARTITION(ds=1224).key SCRIPT []
POSTHOOK: Lineage: ppr_test PARTITION(ds=1234).key SCRIPT []
PREHOOK: query: insert overwrite table ppr_test partition(ds = '12:4') select explode(array('abcd', '12:4')) as col from src limit 2
PREHOOK: type: QUERY
PREHOOK: Input: default@src
PREHOOK: Output: default@ppr_test@ds=12%3A4
POSTHOOK: query: insert overwrite table ppr_test partition(ds = '12:4') select explode(array('abcd', '12:4')) as col from src limit 2
POSTHOOK: type: QUERY
POSTHOOK: Input: default@src
POSTHOOK: Output: default@ppr_test@ds=12%3A4
POSTHOOK: Lineage: ppr_test PARTITION(ds=12+4).key SCRIPT []
POSTHOOK: Lineage: ppr_test PARTITION(ds=12.4).key SCRIPT []
POSTHOOK: Lineage: ppr_test PARTITION(ds=1214).key SCRIPT []
POSTHOOK: Lineage: ppr_test PARTITION(ds=1224).key SCRIPT []
POSTHOOK: Lineage: ppr_test PARTITION(ds=1234).key SCRIPT []
POSTHOOK: Lineage: ppr_test PARTITION(ds=12:4).key SCRIPT []
PREHOOK: query: insert overwrite table ppr_test partition(ds = '12%4') select explode(array('abcd', '12%4')) as col from src limit 2
PREHOOK: type: QUERY
PREHOOK: Input: default@src
PREHOOK: Output: default@ppr_test@ds=12%254
POSTHOOK: query: insert overwrite table ppr_test partition(ds = '12%4') select explode(array('abcd', '12%4')) as col from src limit 2
POSTHOOK: type: QUERY
POSTHOOK: Input: default@src
POSTHOOK: Output: default@ppr_test@ds=12%254
POSTHOOK: Lineage: ppr_test PARTITION(ds=12%4).key SCRIPT []
POSTHOOK: Lineage: ppr_test PARTITION(ds=12+4).key SCRIPT []
POSTHOOK: Lineage: ppr_test PARTITION(ds=12.4).key SCRIPT []
POSTHOOK: Lineage: ppr_test PARTITION(ds=1214).key SCRIPT []
POSTHOOK: Lineage: ppr_test PARTITION(ds=1224).key SCRIPT []
POSTHOOK: Lineage: ppr_test PARTITION(ds=1234).key SCRIPT []
POSTHOOK: Lineage: ppr_test PARTITION(ds=12:4).key SCRIPT []
PREHOOK: query: insert overwrite table ppr_test partition(ds = '12*4') select explode(array('abcd', '12*4')) as col from src limit 2
PREHOOK: type: QUERY
PREHOOK: Input: default@src
PREHOOK: Output: default@ppr_test@ds=12%2A4
POSTHOOK: query: insert overwrite table ppr_test partition(ds = '12*4') select explode(array('abcd', '12*4')) as col from src limit 2
POSTHOOK: type: QUERY
POSTHOOK: Input: default@src
POSTHOOK: Output: default@ppr_test@ds=12%2A4
POSTHOOK: Lineage: ppr_test PARTITION(ds=12%4).key SCRIPT []
POSTHOOK: Lineage: ppr_test PARTITION(ds=12*4).key SCRIPT []
POSTHOOK: Lineage: ppr_test PARTITION(ds=12+4).key SCRIPT []
POSTHOOK: Lineage: ppr_test PARTITION(ds=12.4).key SCRIPT []
POSTHOOK: Lineage: ppr_test PARTITION(ds=1214).key SCRIPT []
POSTHOOK: Lineage: ppr_test PARTITION(ds=1224).key SCRIPT []
POSTHOOK: Lineage: ppr_test PARTITION(ds=1234).key SCRIPT []
POSTHOOK: Lineage: ppr_test PARTITION(ds=12:4).key SCRIPT []
PREHOOK: query: select * from ppr_test where ds = '1234'
PREHOOK: type: QUERY
PREHOOK: Input: default@ppr_test@ds=1234
PREHOOK: Output: file:/tmp/navis/hive_2012-01-12_00-10-12_642_7922549300767489912/-mr-10000
POSTHOOK: query: select * from ppr_test where ds = '1234'
POSTHOOK: type: QUERY
POSTHOOK: Input: default@ppr_test@ds=1234
POSTHOOK: Output: file:/tmp/navis/hive_2012-01-12_00-10-12_642_7922549300767489912/-mr-10000
POSTHOOK: Lineage: ppr_test PARTITION(ds=12%4).key SCRIPT []
POSTHOOK: Lineage: ppr_test PARTITION(ds=12*4).key SCRIPT []
POSTHOOK: Lineage: ppr_test PARTITION(ds=12+4).key SCRIPT []
POSTHOOK: Lineage: ppr_test PARTITION(ds=12.4).key SCRIPT []
POSTHOOK: Lineage: ppr_test PARTITION(ds=1214).key SCRIPT []
POSTHOOK: Lineage: ppr_test PARTITION(ds=1224).key SCRIPT []
POSTHOOK: Lineage: ppr_test PARTITION(ds=1234).key SCRIPT []
POSTHOOK: Lineage: ppr_test PARTITION(ds=12:4).key SCRIPT []
abcd	1234
1234	1234
PREHOOK: query: select * from ppr_test where ds = '1224'
PREHOOK: type: QUERY
PREHOOK: Input: default@ppr_test@ds=1224
PREHOOK: Output: file:/tmp/navis/hive_2012-01-12_00-10-12_906_8534317214984429346/-mr-10000
POSTHOOK: query: select * from ppr_test where ds = '1224'
POSTHOOK: type: QUERY
POSTHOOK: Input: default@ppr_test@ds=1224
POSTHOOK: Output: file:/tmp/navis/hive_2012-01-12_00-10-12_906_8534317214984429346/-mr-10000
POSTHOOK: Lineage: ppr_test PARTITION(ds=12%4).key SCRIPT []
POSTHOOK: Lineage: ppr_test PARTITION(ds=12*4).key SCRIPT []
POSTHOOK: Lineage: ppr_test PARTITION(ds=12+4).key SCRIPT []
POSTHOOK: Lineage: ppr_test PARTITION(ds=12.4).key SCRIPT []
POSTHOOK: Lineage: ppr_test PARTITION(ds=1214).key SCRIPT []
POSTHOOK: Lineage: ppr_test PARTITION(ds=1224).key SCRIPT []
POSTHOOK: Lineage: ppr_test PARTITION(ds=1234).key SCRIPT []
POSTHOOK: Lineage: ppr_test PARTITION(ds=12:4).key SCRIPT []
abcd	1224
1224	1224
PREHOOK: query: select * from ppr_test where ds = '1214'
PREHOOK: type: QUERY
PREHOOK: Input: default@ppr_test@ds=1214
PREHOOK: Output: file:/tmp/navis/hive_2012-01-12_00-10-13_028_7420157545978444758/-mr-10000
POSTHOOK: query: select * from ppr_test where ds = '1214'
POSTHOOK: type: QUERY
POSTHOOK: Input: default@ppr_test@ds=1214
POSTHOOK: Output: file:/tmp/navis/hive_2012-01-12_00-10-13_028_7420157545978444758/-mr-10000
POSTHOOK: Lineage: ppr_test PARTITION(ds=12%4).key SCRIPT []
POSTHOOK: Lineage: ppr_test PARTITION(ds=12*4).key SCRIPT []
POSTHOOK: Lineage: ppr_test PARTITION(ds=12+4).key SCRIPT []
POSTHOOK: Lineage: ppr_test PARTITION(ds=12.4).key SCRIPT []
POSTHOOK: Lineage: ppr_test PARTITION(ds=1214).key SCRIPT []
POSTHOOK: Lineage: ppr_test PARTITION(ds=1224).key SCRIPT []
POSTHOOK: Lineage: ppr_test PARTITION(ds=1234).key SCRIPT []
POSTHOOK: Lineage: ppr_test PARTITION(ds=12:4).key SCRIPT []
abcd	1214
1214	1214
PREHOOK: query: select * from ppr_test where ds = '12.4'
PREHOOK: type: QUERY
PREHOOK: Input: default@ppr_test@ds=12.4
PREHOOK: Output: file:/tmp/navis/hive_2012-01-12_00-10-13_198_2786385909405890372/-mr-10000
POSTHOOK: query: select * from ppr_test where ds = '12.4'
POSTHOOK: type: QUERY
POSTHOOK: Input: default@ppr_test@ds=12.4
POSTHOOK: Output: file:/tmp/navis/hive_2012-01-12_00-10-13_198_2786385909405890372/-mr-10000
POSTHOOK: Lineage: ppr_test PARTITION(ds=12%4).key SCRIPT []
POSTHOOK: Lineage: ppr_test PARTITION(ds=12*4).key SCRIPT []
POSTHOOK: Lineage: ppr_test PARTITION(ds=12+4).key SCRIPT []
POSTHOOK: Lineage: ppr_test PARTITION(ds=12.4).key SCRIPT []
POSTHOOK: Lineage: ppr_test PARTITION(ds=1214).key SCRIPT []
POSTHOOK: Lineage: ppr_test PARTITION(ds=1224).key SCRIPT []
POSTHOOK: Lineage: ppr_test PARTITION(ds=1234).key SCRIPT []
POSTHOOK: Lineage: ppr_test PARTITION(ds=12:4).key SCRIPT []
abcd	12.4
12.4	12.4
PREHOOK: query: select * from ppr_test where ds = '12+4'
PREHOOK: type: QUERY
PREHOOK: Input: default@ppr_test@ds=12+4
PREHOOK: Output: file:/tmp/navis/hive_2012-01-12_00-10-13_368_1141643488603411688/-mr-10000
POSTHOOK: query: select * from ppr_test where ds = '12+4'
POSTHOOK: type: QUERY
POSTHOOK: Input: default@ppr_test@ds=12+4
POSTHOOK: Output: file:/tmp/navis/hive_2012-01-12_00-10-13_368_1141643488603411688/-mr-10000
POSTHOOK: Lineage: ppr_test PARTITION(ds=12%4).key SCRIPT []
POSTHOOK: Lineage: ppr_test PARTITION(ds=12*4).key SCRIPT []
POSTHOOK: Lineage: ppr_test PARTITION(ds=12+4).key SCRIPT []
POSTHOOK: Lineage: ppr_test PARTITION(ds=12.4).key SCRIPT []
POSTHOOK: Lineage: ppr_test PARTITION(ds=1214).key SCRIPT []
POSTHOOK: Lineage: ppr_test PARTITION(ds=1224).key SCRIPT []
POSTHOOK: Lineage: ppr_test PARTITION(ds=1234).key SCRIPT []
POSTHOOK: Lineage: ppr_test PARTITION(ds=12:4).key SCRIPT []
abcd	12+4
12+4	12+4
PREHOOK: query: select * from ppr_test where ds = '12:4'
PREHOOK: type: QUERY
PREHOOK: Input: default@ppr_test@ds=12%3A4
PREHOOK: Output: file:/tmp/navis/hive_2012-01-12_00-10-13_523_9022784280559908916/-mr-10000
POSTHOOK: query: select * from ppr_test where ds = '12:4'
POSTHOOK: type: QUERY
POSTHOOK: Input: default@ppr_test@ds=12%3A4
POSTHOOK: Output: file:/tmp/navis/hive_2012-01-12_00-10-13_523_9022784280559908916/-mr-10000
POSTHOOK: Lineage: ppr_test PARTITION(ds=12%4).key SCRIPT []
POSTHOOK: Lineage: ppr_test PARTITION(ds=12*4).key SCRIPT []
POSTHOOK: Lineage: ppr_test PARTITION(ds=12+4).key SCRIPT []
POSTHOOK: Lineage: ppr_test PARTITION(ds=12.4).key SCRIPT []
POSTHOOK: Lineage: ppr_test PARTITION(ds=1214).key SCRIPT []
POSTHOOK: Lineage: ppr_test PARTITION(ds=1224).key SCRIPT []
POSTHOOK: Lineage: ppr_test PARTITION(ds=1234).key SCRIPT []
POSTHOOK: Lineage: ppr_test PARTITION(ds=12:4).key SCRIPT []
abcd	12:4
12:4	12:4
PREHOOK: query: select * from ppr_test where ds = '12%4'
PREHOOK: type: QUERY
PREHOOK: Input: default@ppr_test@ds=12%254
PREHOOK: Output: file:/tmp/navis/hive_2012-01-12_00-10-13_689_4589450367622744878/-mr-10000
POSTHOOK: query: select * from ppr_test where ds = '12%4'
POSTHOOK: type: QUERY
POSTHOOK: Input: default@ppr_test@ds=12%254
POSTHOOK: Output: file:/tmp/navis/hive_2012-01-12_00-10-13_689_4589450367622744878/-mr-10000
POSTHOOK: Lineage: ppr_test PARTITION(ds=12%4).key SCRIPT []
POSTHOOK: Lineage: ppr_test PARTITION(ds=12*4).key SCRIPT []
POSTHOOK: Lineage: ppr_test PARTITION(ds=12+4).key SCRIPT []
POSTHOOK: Lineage: ppr_test PARTITION(ds=12.4).key SCRIPT []
POSTHOOK: Lineage: ppr_test PARTITION(ds=1214).key SCRIPT []
POSTHOOK: Lineage: ppr_test PARTITION(ds=1224).key SCRIPT []
POSTHOOK: Lineage: ppr_test PARTITION(ds=1234).key SCRIPT []
POSTHOOK: Lineage: ppr_test PARTITION(ds=12:4).key SCRIPT []
abcd	12%4
12%4	12%4
PREHOOK: query: select * from ppr_test where ds = '12*4'
PREHOOK: type: QUERY
PREHOOK: Input: default@ppr_test@ds=12%2A4
PREHOOK: Output: file:/tmp/navis/hive_2012-01-12_00-10-13_835_7877071710312902036/-mr-10000
POSTHOOK: query: select * from ppr_test where ds = '12*4'
POSTHOOK: type: QUERY
POSTHOOK: Input: default@ppr_test@ds=12%2A4
POSTHOOK: Output: file:/tmp/navis/hive_2012-01-12_00-10-13_835_7877071710312902036/-mr-10000
POSTHOOK: Lineage: ppr_test PARTITION(ds=12%4).key SCRIPT []
POSTHOOK: Lineage: ppr_test PARTITION(ds=12*4).key SCRIPT []
POSTHOOK: Lineage: ppr_test PARTITION(ds=12+4).key SCRIPT []
POSTHOOK: Lineage: ppr_test PARTITION(ds=12.4).key SCRIPT []
POSTHOOK: Lineage: ppr_test PARTITION(ds=1214).key SCRIPT []
POSTHOOK: Lineage: ppr_test PARTITION(ds=1224).key SCRIPT []
POSTHOOK: Lineage: ppr_test PARTITION(ds=1234).key SCRIPT []
POSTHOOK: Lineage: ppr_test PARTITION(ds=12:4).key SCRIPT []
abcd	12*4
12*4	12*4
PREHOOK: query: select * from ppr_test where ds = '12.*4'
PREHOOK: type: QUERY
PREHOOK: Output: file:/tmp/navis/hive_2012-01-12_00-10-13_958_7492788369212050848/-mr-10000
POSTHOOK: query: select * from ppr_test where ds = '12.*4'
POSTHOOK: type: QUERY
POSTHOOK: Output: file:/tmp/navis/hive_2012-01-12_00-10-13_958_7492788369212050848/-mr-10000
POSTHOOK: Lineage: ppr_test PARTITION(ds=12%4).key SCRIPT []
POSTHOOK: Lineage: ppr_test PARTITION(ds=12*4).key SCRIPT []
POSTHOOK: Lineage: ppr_test PARTITION(ds=12+4).key SCRIPT []
POSTHOOK: Lineage: ppr_test PARTITION(ds=12.4).key SCRIPT []
POSTHOOK: Lineage: ppr_test PARTITION(ds=1214).key SCRIPT []
POSTHOOK: Lineage: ppr_test PARTITION(ds=1224).key SCRIPT []
POSTHOOK: Lineage: ppr_test PARTITION(ds=1234).key SCRIPT []
POSTHOOK: Lineage: ppr_test PARTITION(ds=12:4).key SCRIPT []
PREHOOK: query: select * from ppr_test where ds = '1234' and key = '1234'
PREHOOK: type: QUERY
PREHOOK: Input: default@ppr_test@ds=1234
PREHOOK: Output: file:/tmp/navis/hive_2012-01-12_00-10-14_007_1839453290442407230/-mr-10000
POSTHOOK: query: select * from ppr_test where ds = '1234' and key = '1234'
POSTHOOK: type: QUERY
POSTHOOK: Input: default@ppr_test@ds=1234
POSTHOOK: Output: file:/tmp/navis/hive_2012-01-12_00-10-14_007_1839453290442407230/-mr-10000
POSTHOOK: Lineage: ppr_test PARTITION(ds=12%4).key SCRIPT []
POSTHOOK: Lineage: ppr_test PARTITION(ds=12*4).key SCRIPT []
POSTHOOK: Lineage: ppr_test PARTITION(ds=12+4).key SCRIPT []
POSTHOOK: Lineage: ppr_test PARTITION(ds=12.4).key SCRIPT []
POSTHOOK: Lineage: ppr_test PARTITION(ds=1214).key SCRIPT []
POSTHOOK: Lineage: ppr_test PARTITION(ds=1224).key SCRIPT []
POSTHOOK: Lineage: ppr_test PARTITION(ds=1234).key SCRIPT []
POSTHOOK: Lineage: ppr_test PARTITION(ds=12:4).key SCRIPT []
1234	1234
PREHOOK: query: select * from ppr_test where ds = '1224' and key = '1224'
PREHOOK: type: QUERY
PREHOOK: Input: default@ppr_test@ds=1224
PREHOOK: Output: file:/tmp/navis/hive_2012-01-12_00-10-16_671_8755403877565493059/-mr-10000
POSTHOOK: query: select * from ppr_test where ds = '1224' and key = '1224'
POSTHOOK: type: QUERY
POSTHOOK: Input: default@ppr_test@ds=1224
POSTHOOK: Output: file:/tmp/navis/hive_2012-01-12_00-10-16_671_8755403877565493059/-mr-10000
POSTHOOK: Lineage: ppr_test PARTITION(ds=12%4).key SCRIPT []
POSTHOOK: Lineage: ppr_test PARTITION(ds=12*4).key SCRIPT []
POSTHOOK: Lineage: ppr_test PARTITION(ds=12+4).key SCRIPT []
POSTHOOK: Lineage: ppr_test PARTITION(ds=12.4).key SCRIPT []
POSTHOOK: Lineage: ppr_test PARTITION(ds=1214).key SCRIPT []
POSTHOOK: Lineage: ppr_test PARTITION(ds=1224).key SCRIPT []
POSTHOOK: Lineage: ppr_test PARTITION(ds=1234).key SCRIPT []
POSTHOOK: Lineage: ppr_test PARTITION(ds=12:4).key SCRIPT []
1224	1224
PREHOOK: query: select * from ppr_test where ds = '1214' and key = '1214'
PREHOOK: type: QUERY
PREHOOK: Input: default@ppr_test@ds=1214
PREHOOK: Output: file:/tmp/navis/hive_2012-01-12_00-10-19_324_8866893257772255680/-mr-10000
POSTHOOK: query: select * from ppr_test where ds = '1214' and key = '1214'
POSTHOOK: type: QUERY
POSTHOOK: Input: default@ppr_test@ds=1214
POSTHOOK: Output: file:/tmp/navis/hive_2012-01-12_00-10-19_324_8866893257772255680/-mr-10000
POSTHOOK: Lineage: ppr_test PARTITION(ds=12%4).key SCRIPT []
POSTHOOK: Lineage: ppr_test PARTITION(ds=12*4).key SCRIPT []
POSTHOOK: Lineage: ppr_test PARTITION(ds=12+4).key SCRIPT []
POSTHOOK: Lineage: ppr_test PARTITION(ds=12.4).key SCRIPT []
POSTHOOK: Lineage: ppr_test PARTITION(ds=1214).key SCRIPT []
POSTHOOK: Lineage: ppr_test PARTITION(ds=1224).key SCRIPT []
POSTHOOK: Lineage: ppr_test PARTITION(ds=1234).key SCRIPT []
POSTHOOK: Lineage: ppr_test PARTITION(ds=12:4).key SCRIPT []
1214	1214
PREHOOK: query: select * from ppr_test where ds = '12.4' and key = '12.4'
PREHOOK: type: QUERY
PREHOOK: Input: default@ppr_test@ds=12.4
PREHOOK: Output: file:/tmp/navis/hive_2012-01-12_00-10-22_038_7628321095659474661/-mr-10000
POSTHOOK: query: select * from ppr_test where ds = '12.4' and key = '12.4'
POSTHOOK: type: QUERY
POSTHOOK: Input: default@ppr_test@ds=12.4
POSTHOOK: Output: file:/tmp/navis/hive_2012-01-12_00-10-22_038_7628321095659474661/-mr-10000
POSTHOOK: Lineage: ppr_test PARTITION(ds=12%4).key SCRIPT []
POSTHOOK: Lineage: ppr_test PARTITION(ds=12*4).key SCRIPT []
POSTHOOK: Lineage: ppr_test PARTITION(ds=12+4).key SCRIPT []
POSTHOOK: Lineage: ppr_test PARTITION(ds=12.4).key SCRIPT []
POSTHOOK: Lineage: ppr_test PARTITION(ds=1214).key SCRIPT []
POSTHOOK: Lineage: ppr_test PARTITION(ds=1224).key SCRIPT []
POSTHOOK: Lineage: ppr_test PARTITION(ds=1234).key SCRIPT []
POSTHOOK: Lineage: ppr_test PARTITION(ds=12:4).key SCRIPT []
12.4	12.4
PREHOOK: query: select * from ppr_test where ds = '12+4' and key = '12+4'
PREHOOK: type: QUERY
PREHOOK: Input: default@ppr_test@ds=12+4
PREHOOK: Output: file:/tmp/navis/hive_2012-01-12_00-10-24_686_5952804496822384930/-mr-10000
POSTHOOK: query: select * from ppr_test where ds = '12+4' and key = '12+4'
POSTHOOK: type: QUERY
POSTHOOK: Input: default@ppr_test@ds=12+4
POSTHOOK: Output: file:/tmp/navis/hive_2012-01-12_00-10-24_686_5952804496822384930/-mr-10000
POSTHOOK: Lineage: ppr_test PARTITION(ds=12%4).key SCRIPT []
POSTHOOK: Lineage: ppr_test PARTITION(ds=12*4).key SCRIPT []
POSTHOOK: Lineage: ppr_test PARTITION(ds=12+4).key SCRIPT []
POSTHOOK: Lineage: ppr_test PARTITION(ds=12.4).key SCRIPT []
POSTHOOK: Lineage: ppr_test PARTITION(ds=1214).key SCRIPT []
POSTHOOK: Lineage: ppr_test PARTITION(ds=1224).key SCRIPT []
POSTHOOK: Lineage: ppr_test PARTITION(ds=1234).key SCRIPT []
POSTHOOK: Lineage: ppr_test PARTITION(ds=12:4).key SCRIPT []
12+4	12+4
PREHOOK: query: select * from ppr_test where ds = '12:4' and key = '12:4'
PREHOOK: type: QUERY
PREHOOK: Input: default@ppr_test@ds=12%3A4
PREHOOK: Output: file:/tmp/navis/hive_2012-01-12_00-10-27_305_652059845168150183/-mr-10000
POSTHOOK: query: select * from ppr_test where ds = '12:4' and key = '12:4'
POSTHOOK: type: QUERY
POSTHOOK: Input: default@ppr_test@ds=12%3A4
POSTHOOK: Output: file:/tmp/navis/hive_2012-01-12_00-10-27_305_652059845168150183/-mr-10000
POSTHOOK: Lineage: ppr_test PARTITION(ds=12%4).key SCRIPT []
POSTHOOK: Lineage: ppr_test PARTITION(ds=12*4).key SCRIPT []
POSTHOOK: Lineage: ppr_test PARTITION(ds=12+4).key SCRIPT []
POSTHOOK: Lineage: ppr_test PARTITION(ds=12.4).key SCRIPT []
POSTHOOK: Lineage: ppr_test PARTITION(ds=1214).key SCRIPT []
POSTHOOK: Lineage: ppr_test PARTITION(ds=1224).key SCRIPT []
POSTHOOK: Lineage: ppr_test PARTITION(ds=1234).key SCRIPT []
POSTHOOK: Lineage: ppr_test PARTITION(ds=12:4).key SCRIPT []
12:4	12:4
PREHOOK: query: select * from ppr_test where ds = '12%4' and key = '12%4'
PREHOOK: type: QUERY
PREHOOK: Input: default@ppr_test@ds=12%254
PREHOOK: Output: file:/tmp/navis/hive_2012-01-12_00-10-30_016_8159509622886886341/-mr-10000
POSTHOOK: query: select * from ppr_test where ds = '12%4' and key = '12%4'
POSTHOOK: type: QUERY
POSTHOOK: Input: default@ppr_test@ds=12%254
POSTHOOK: Output: file:/tmp/navis/hive_2012-01-12_00-10-30_016_8159509622886886341/-mr-10000
POSTHOOK: Lineage: ppr_test PARTITION(ds=12%4).key SCRIPT []
POSTHOOK: Lineage: ppr_test PARTITION(ds=12*4).key SCRIPT []
POSTHOOK: Lineage: ppr_test PARTITION(ds=12+4).key SCRIPT []
POSTHOOK: Lineage: ppr_test PARTITION(ds=12.4).key SCRIPT []
POSTHOOK: Lineage: ppr_test PARTITION(ds=1214).key SCRIPT []
POSTHOOK: Lineage: ppr_test PARTITION(ds=1224).key SCRIPT []
POSTHOOK: Lineage: ppr_test PARTITION(ds=1234).key SCRIPT []
POSTHOOK: Lineage: ppr_test PARTITION(ds=12:4).key SCRIPT []
12%4	12%4
PREHOOK: query: select * from ppr_test where ds = '12*4' and key = '12*4'
PREHOOK: type: QUERY
PREHOOK: Input: default@ppr_test@ds=12%2A4
PREHOOK: Output: file:/tmp/navis/hive_2012-01-12_00-10-32_613_4216503461804365811/-mr-10000
POSTHOOK: query: select * from ppr_test where ds = '12*4' and key = '12*4'
POSTHOOK: type: QUERY
POSTHOOK: Input: default@ppr_test@ds=12%2A4
POSTHOOK: Output: file:/tmp/navis/hive_2012-01-12_00-10-32_613_4216503461804365811/-mr-10000
POSTHOOK: Lineage: ppr_test PARTITION(ds=12%4).key SCRIPT []
POSTHOOK: Lineage: ppr_test PARTITION(ds=12*4).key SCRIPT []
POSTHOOK: Lineage: ppr_test PARTITION(ds=12+4).key SCRIPT []
POSTHOOK: Lineage: ppr_test PARTITION(ds=12.4).key SCRIPT []
POSTHOOK: Lineage: ppr_test PARTITION(ds=1214).key SCRIPT []
POSTHOOK: Lineage: ppr_test PARTITION(ds=1224).key SCRIPT []
POSTHOOK: Lineage: ppr_test PARTITION(ds=1234).key SCRIPT []
POSTHOOK: Lineage: ppr_test PARTITION(ds=12:4).key SCRIPT []
12*4	12*4
