PREHOOK: query: explain
select 'a', 100
PREHOOK: type: QUERY
POSTHOOK: query: explain
select 'a', 100
POSTHOOK: type: QUERY
ABSTRACT SYNTAX TREE:
  (TOK_QUERY (TOK_INSERT (TOK_DESTINATION (TOK_DIR TOK_TMP_FILE)) (TOK_SELECT (TOK_SELEXPR 'a') (TOK_SELEXPR 100))))

STAGE DEPENDENCIES:
  Stage-1 is a root stage
  Stage-0 is a root stage

STAGE PLANS:
  Stage: Stage-1
    Map Reduce
      Alias -> Map Operator Tree:
        _dummy_alias 
          TableScan
            alias: _dummy_alias
            Row Limit Per Split: 1
            Select Operator
              expressions:
                    expr: 'a'
                    type: string
                    expr: 100
                    type: int
              outputColumnNames: _col0, _col1
              File Output Operator
                compressed: false
                GlobalTableId: 0
                table:
                    input format: org.apache.hadoop.mapred.TextInputFormat
                    output format: org.apache.hadoop.hive.ql.io.HiveIgnoreKeyTextOutputFormat

  Stage: Stage-0
    Fetch Operator
      limit: -1

PREHOOK: query: select 'a', 100
PREHOOK: type: QUERY
PREHOOK: Input: default@_dummy_alias
#### A masked pattern was here ####
POSTHOOK: query: select 'a', 100
POSTHOOK: type: QUERY
POSTHOOK: Input: default@_dummy_alias
#### A masked pattern was here ####
a	100
PREHOOK: query: --evaluation
explain
select 1 + 1
PREHOOK: type: QUERY
POSTHOOK: query: --evaluation
explain
select 1 + 1
POSTHOOK: type: QUERY
ABSTRACT SYNTAX TREE:
  (TOK_QUERY (TOK_INSERT (TOK_DESTINATION (TOK_DIR TOK_TMP_FILE)) (TOK_SELECT (TOK_SELEXPR (+ 1 1)))))

STAGE DEPENDENCIES:
  Stage-1 is a root stage
  Stage-0 is a root stage

STAGE PLANS:
  Stage: Stage-1
    Map Reduce
      Alias -> Map Operator Tree:
        _dummy_alias 
          TableScan
            alias: _dummy_alias
            Row Limit Per Split: 1
            Select Operator
              expressions:
                    expr: (1 + 1)
                    type: int
              outputColumnNames: _col0
              File Output Operator
                compressed: false
                GlobalTableId: 0
                table:
                    input format: org.apache.hadoop.mapred.TextInputFormat
                    output format: org.apache.hadoop.hive.ql.io.HiveIgnoreKeyTextOutputFormat

  Stage: Stage-0
    Fetch Operator
      limit: -1

PREHOOK: query: select 1 + 1
PREHOOK: type: QUERY
PREHOOK: Input: default@_dummy_alias
#### A masked pattern was here ####
POSTHOOK: query: select 1 + 1
POSTHOOK: type: QUERY
POSTHOOK: Input: default@_dummy_alias
#### A masked pattern was here ####
2
PREHOOK: query: -- explode (not possible for lateral view)
explain
select explode(array('a', 'b'))
PREHOOK: type: QUERY
POSTHOOK: query: -- explode (not possible for lateral view)
explain
select explode(array('a', 'b'))
POSTHOOK: type: QUERY
ABSTRACT SYNTAX TREE:
  (TOK_QUERY (TOK_INSERT (TOK_DESTINATION (TOK_DIR TOK_TMP_FILE)) (TOK_SELECT (TOK_SELEXPR (TOK_FUNCTION explode (TOK_FUNCTION array 'a' 'b'))))))

STAGE DEPENDENCIES:
  Stage-1 is a root stage
  Stage-0 is a root stage

STAGE PLANS:
  Stage: Stage-1
    Map Reduce
      Alias -> Map Operator Tree:
        _dummy_alias 
          TableScan
            alias: _dummy_alias
            Row Limit Per Split: 1
            Select Operator
              expressions:
                    expr: array('a','b')
                    type: array<string>
              outputColumnNames: _col0
              UDTF Operator
                function name: explode
                File Output Operator
                  compressed: false
                  GlobalTableId: 0
                  table:
                      input format: org.apache.hadoop.mapred.TextInputFormat
                      output format: org.apache.hadoop.hive.ql.io.HiveIgnoreKeyTextOutputFormat

  Stage: Stage-0
    Fetch Operator
      limit: -1

PREHOOK: query: select explode(array('a', 'b'))
PREHOOK: type: QUERY
PREHOOK: Input: default@_dummy_alias
#### A masked pattern was here ####
POSTHOOK: query: select explode(array('a', 'b'))
POSTHOOK: type: QUERY
POSTHOOK: Input: default@_dummy_alias
#### A masked pattern was here ####
a
b
PREHOOK: query: explain
select 'a', 100
PREHOOK: type: QUERY
POSTHOOK: query: explain
select 'a', 100
POSTHOOK: type: QUERY
ABSTRACT SYNTAX TREE:
  (TOK_QUERY (TOK_INSERT (TOK_DESTINATION (TOK_DIR TOK_TMP_FILE)) (TOK_SELECT (TOK_SELEXPR 'a') (TOK_SELEXPR 100))))

STAGE DEPENDENCIES:
  Stage-0 is a root stage

STAGE PLANS:
  Stage: Stage-0
    Fetch Operator
      limit: -1
      Processor Tree:
        TableScan
          alias: _dummy_alias
          Row Limit Per Split: 1
          Select Operator
            expressions:
                  expr: 'a'
                  type: string
                  expr: 100
                  type: int
            outputColumnNames: _col0, _col1
            ListSink

PREHOOK: query: select 'a', 100
PREHOOK: type: QUERY
PREHOOK: Input: default@_dummy_alias
#### A masked pattern was here ####
POSTHOOK: query: select 'a', 100
POSTHOOK: type: QUERY
POSTHOOK: Input: default@_dummy_alias
#### A masked pattern was here ####
a	100
PREHOOK: query: explain
select 1 + 1
PREHOOK: type: QUERY
POSTHOOK: query: explain
select 1 + 1
POSTHOOK: type: QUERY
ABSTRACT SYNTAX TREE:
  (TOK_QUERY (TOK_INSERT (TOK_DESTINATION (TOK_DIR TOK_TMP_FILE)) (TOK_SELECT (TOK_SELEXPR (+ 1 1)))))

STAGE DEPENDENCIES:
  Stage-0 is a root stage

STAGE PLANS:
  Stage: Stage-0
    Fetch Operator
      limit: -1
      Processor Tree:
        TableScan
          alias: _dummy_alias
          Row Limit Per Split: 1
          Select Operator
            expressions:
                  expr: (1 + 1)
                  type: int
            outputColumnNames: _col0
            ListSink

PREHOOK: query: select 1 + 1
PREHOOK: type: QUERY
PREHOOK: Input: default@_dummy_alias
#### A masked pattern was here ####
POSTHOOK: query: select 1 + 1
POSTHOOK: type: QUERY
POSTHOOK: Input: default@_dummy_alias
#### A masked pattern was here ####
2
PREHOOK: query: explain
select explode(array('a', 'b'))
PREHOOK: type: QUERY
POSTHOOK: query: explain
select explode(array('a', 'b'))
POSTHOOK: type: QUERY
ABSTRACT SYNTAX TREE:
  (TOK_QUERY (TOK_INSERT (TOK_DESTINATION (TOK_DIR TOK_TMP_FILE)) (TOK_SELECT (TOK_SELEXPR (TOK_FUNCTION explode (TOK_FUNCTION array 'a' 'b'))))))

STAGE DEPENDENCIES:
  Stage-1 is a root stage
  Stage-0 is a root stage

STAGE PLANS:
  Stage: Stage-1
    Map Reduce
      Alias -> Map Operator Tree:
        _dummy_alias 
          TableScan
            alias: _dummy_alias
            Row Limit Per Split: 1
            Select Operator
              expressions:
                    expr: array('a','b')
                    type: array<string>
              outputColumnNames: _col0
              UDTF Operator
                function name: explode
                File Output Operator
                  compressed: false
                  GlobalTableId: 0
                  table:
                      input format: org.apache.hadoop.mapred.TextInputFormat
                      output format: org.apache.hadoop.hive.ql.io.HiveIgnoreKeyTextOutputFormat

  Stage: Stage-0
    Fetch Operator
      limit: -1

PREHOOK: query: select explode(array('a', 'b'))
PREHOOK: type: QUERY
PREHOOK: Input: default@_dummy_alias
#### A masked pattern was here ####
POSTHOOK: query: select explode(array('a', 'b'))
POSTHOOK: type: QUERY
POSTHOOK: Input: default@_dummy_alias
#### A masked pattern was here ####
a
b
PREHOOK: query: -- subquery
explain
select 2 + 3,x from (select 1 + 2 x) X
PREHOOK: type: QUERY
POSTHOOK: query: -- subquery
explain
select 2 + 3,x from (select 1 + 2 x) X
POSTHOOK: type: QUERY
ABSTRACT SYNTAX TREE:
  (TOK_QUERY (TOK_FROM (TOK_SUBQUERY (TOK_QUERY (TOK_INSERT (TOK_DESTINATION (TOK_DIR TOK_TMP_FILE)) (TOK_SELECT (TOK_SELEXPR (+ 1 2) x)))) X)) (TOK_INSERT (TOK_DESTINATION (TOK_DIR TOK_TMP_FILE)) (TOK_SELECT (TOK_SELEXPR (+ 2 3)) (TOK_SELEXPR (TOK_TABLE_OR_COL x)))))

STAGE DEPENDENCIES:
  Stage-1 is a root stage
  Stage-0 is a root stage

STAGE PLANS:
  Stage: Stage-1
    Map Reduce
      Alias -> Map Operator Tree:
        x:_dummy_alias 
          TableScan
            alias: _dummy_alias
            Row Limit Per Split: 1
            Select Operator
              expressions:
                    expr: (2 + 3)
                    type: int
                    expr: (1 + 2)
                    type: int
              outputColumnNames: _col0, _col1
              File Output Operator
                compressed: false
                GlobalTableId: 0
                table:
                    input format: org.apache.hadoop.mapred.TextInputFormat
                    output format: org.apache.hadoop.hive.ql.io.HiveIgnoreKeyTextOutputFormat

  Stage: Stage-0
    Fetch Operator
      limit: -1

PREHOOK: query: select 2 + 3,x from (select 1 + 2 x) X
PREHOOK: type: QUERY
PREHOOK: Input: default@_dummy_alias
#### A masked pattern was here ####
POSTHOOK: query: select 2 + 3,x from (select 1 + 2 x) X
POSTHOOK: type: QUERY
POSTHOOK: Input: default@_dummy_alias
#### A masked pattern was here ####
5	3
