PREHOOK: query: explain select timestamp '2011-01-01 01:01:01' from src limit 1
PREHOOK: type: QUERY
POSTHOOK: query: explain select timestamp '2011-01-01 01:01:01' from src limit 1
POSTHOOK: type: QUERY
ABSTRACT SYNTAX TREE:
  (TOK_QUERY (TOK_FROM (TOK_TABREF (TOK_TABNAME src))) (TOK_INSERT (TOK_DESTINATION (TOK_DIR TOK_TMP_FILE)) (TOK_SELECT (TOK_SELEXPR (TOK_FUNCTION TOK_TIMESTAMP '2011-01-01 01:01:01'))) (TOK_LIMIT 1)))

STAGE DEPENDENCIES:
  Stage-1 is a root stage
  Stage-0 is a root stage

STAGE PLANS:
  Stage: Stage-1
    Map Reduce
      Alias -> Map Operator Tree:
        src 
          TableScan
            alias: src
            Select Operator
              expressions:
                    expr: CAST( '2011-01-01 01:01:01' AS TIMESTAMP)
                    type: timestamp
              outputColumnNames: _col0
              Limit
                File Output Operator
                  compressed: false
                  GlobalTableId: 0
                  table:
                      input format: org.apache.hadoop.mapred.TextInputFormat
                      output format: org.apache.hadoop.hive.ql.io.HiveIgnoreKeyTextOutputFormat

  Stage: Stage-0
    Fetch Operator
      limit: 1


PREHOOK: query: select timestamp '2011-01-01 01:01:01' from src limit 1
PREHOOK: type: QUERY
PREHOOK: Input: default@src
#### A masked pattern was here ####
POSTHOOK: query: select timestamp '2011-01-01 01:01:01' from src limit 1
POSTHOOK: type: QUERY
POSTHOOK: Input: default@src
#### A masked pattern was here ####
2011-01-01 01:01:01
PREHOOK: query: explain select 1 from src where timestamp '2011-01-01 01:01:01.101' <> timestamp '2011-01-01 01:01:01.100' limit 1
PREHOOK: type: QUERY
POSTHOOK: query: explain select 1 from src where timestamp '2011-01-01 01:01:01.101' <> timestamp '2011-01-01 01:01:01.100' limit 1
POSTHOOK: type: QUERY
ABSTRACT SYNTAX TREE:
  (TOK_QUERY (TOK_FROM (TOK_TABREF (TOK_TABNAME src))) (TOK_INSERT (TOK_DESTINATION (TOK_DIR TOK_TMP_FILE)) (TOK_SELECT (TOK_SELEXPR 1)) (TOK_WHERE (<> (TOK_FUNCTION TOK_TIMESTAMP '2011-01-01 01:01:01.101') (TOK_FUNCTION TOK_TIMESTAMP '2011-01-01 01:01:01.100'))) (TOK_LIMIT 1)))

STAGE DEPENDENCIES:
  Stage-1 is a root stage
  Stage-0 is a root stage

STAGE PLANS:
  Stage: Stage-1
    Map Reduce
      Alias -> Map Operator Tree:
        src 
          TableScan
            alias: src
            Filter Operator
              predicate:
                  expr: (CAST( '2011-01-01 01:01:01.101' AS TIMESTAMP) <> CAST( '2011-01-01 01:01:01.100' AS TIMESTAMP))
                  type: boolean
              Select Operator
                expressions:
                      expr: 1
                      type: int
                outputColumnNames: _col0
                Limit
                  File Output Operator
                    compressed: false
                    GlobalTableId: 0
                    table:
                        input format: org.apache.hadoop.mapred.TextInputFormat
                        output format: org.apache.hadoop.hive.ql.io.HiveIgnoreKeyTextOutputFormat

  Stage: Stage-0
    Fetch Operator
      limit: 1


PREHOOK: query: select 1 from src where timestamp '2011-01-01 01:01:01.101' <> timestamp '2011-01-01 01:01:01.100' limit 1
PREHOOK: type: QUERY
PREHOOK: Input: default@src
#### A masked pattern was here ####
POSTHOOK: query: select 1 from src where timestamp '2011-01-01 01:01:01.101' <> timestamp '2011-01-01 01:01:01.100' limit 1
POSTHOOK: type: QUERY
POSTHOOK: Input: default@src
#### A masked pattern was here ####
1
