PREHOOK: query: DESCRIBE FUNCTION =
PREHOOK: type: DESCFUNCTION
POSTHOOK: query: DESCRIBE FUNCTION =
POSTHOOK: type: DESCFUNCTION
a = b - Returns TRUE if a equals b and false otherwise
PREHOOK: query: DESCRIBE FUNCTION EXTENDED =
PREHOOK: type: DESCFUNCTION
POSTHOOK: query: DESCRIBE FUNCTION EXTENDED =
POSTHOOK: type: DESCFUNCTION
a = b - Returns TRUE if a equals b and false otherwise
Synonyms: ==
PREHOOK: query: DESCRIBE FUNCTION ==
PREHOOK: type: DESCFUNCTION
POSTHOOK: query: DESCRIBE FUNCTION ==
POSTHOOK: type: DESCFUNCTION
a == b - Returns TRUE if a equals b and false otherwise
PREHOOK: query: DESCRIBE FUNCTION EXTENDED ==
PREHOOK: type: DESCFUNCTION
POSTHOOK: query: DESCRIBE FUNCTION EXTENDED ==
POSTHOOK: type: DESCFUNCTION
a == b - Returns TRUE if a equals b and false otherwise
Synonyms: =
PREHOOK: query: SELECT true=false, false=true, false=false, true=true FROM src LIMIT 1
PREHOOK: type: QUERY
PREHOOK: Input: default@src
PREHOOK: Output: file:/tmp/navis/hive_2012-02-19_19-41-05_382_3151433401233631008/-mr-10000
POSTHOOK: query: SELECT true=false, false=true, false=false, true=true FROM src LIMIT 1
POSTHOOK: type: QUERY
POSTHOOK: Input: default@src
POSTHOOK: Output: file:/tmp/navis/hive_2012-02-19_19-41-05_382_3151433401233631008/-mr-10000
false	false	true	true
PREHOOK: query: DESCRIBE FUNCTION <=>
PREHOOK: type: DESCFUNCTION
POSTHOOK: query: DESCRIBE FUNCTION <=>
POSTHOOK: type: DESCFUNCTION
a <=> b - Returns same result with EQUAL(=) operator for non-null operands, but returns TRUE if both are NULL, FALSE if one of the them is NULL
PREHOOK: query: DESCRIBE FUNCTION EXTENDED <=>
PREHOOK: type: DESCFUNCTION
POSTHOOK: query: DESCRIBE FUNCTION EXTENDED <=>
POSTHOOK: type: DESCFUNCTION
a <=> b - Returns same result with EQUAL(=) operator for non-null operands, but returns TRUE if both are NULL, FALSE if one of the them is NULL
PREHOOK: query: SELECT NULL<=>true, true<=>NULL, NULL<=>NULL FROM src LIMIT 1
PREHOOK: type: QUERY
PREHOOK: Input: default@src
PREHOOK: Output: file:/tmp/navis/hive_2012-02-19_19-41-08_402_1906068303660051311/-mr-10000
POSTHOOK: query: SELECT NULL<=>true, true<=>NULL, NULL<=>NULL FROM src LIMIT 1
POSTHOOK: type: QUERY
POSTHOOK: Input: default@src
POSTHOOK: Output: file:/tmp/navis/hive_2012-02-19_19-41-08_402_1906068303660051311/-mr-10000
false	false	true
