PREHOOK: query: DESCRIBE FUNCTION current_database
PREHOOK: type: DESCFUNCTION
POSTHOOK: query: DESCRIBE FUNCTION current_database
POSTHOOK: type: DESCFUNCTION
current_database() - returns currently using database name
PREHOOK: query: explain
select current_database()
PREHOOK: type: QUERY
POSTHOOK: query: explain
select current_database()
POSTHOOK: type: QUERY
ABSTRACT SYNTAX TREE:
  (TOK_QUERY (TOK_INSERT (TOK_DESTINATION (TOK_DIR TOK_TMP_FILE)) (TOK_SELECT (TOK_SELEXPR (TOK_FUNCTION current_database)))))

STAGE DEPENDENCIES:
  Stage-1 is a root stage
  Stage-0 is a root stage

STAGE PLANS:
  Stage: Stage-1
    Map Reduce
      Alias -> Map Operator Tree:
        _dummy_alias 
          TableScan
            alias: _dummy_alias
            Row Limit Per Split: 1
            Select Operator
              expressions:
                    expr: current_database()
                    type: string
              outputColumnNames: _col0
              File Output Operator
                compressed: false
                GlobalTableId: 0
                table:
                    input format: org.apache.hadoop.mapred.TextInputFormat
                    output format: org.apache.hadoop.hive.ql.io.HiveIgnoreKeyTextOutputFormat

  Stage: Stage-0
    Fetch Operator
      limit: -1

PREHOOK: query: select current_database()
PREHOOK: type: QUERY
PREHOOK: Input: default@_dummy_alias
#### A masked pattern was here ####
POSTHOOK: query: select current_database()
POSTHOOK: type: QUERY
POSTHOOK: Input: default@_dummy_alias
#### A masked pattern was here ####
default
PREHOOK: query: create database xxx
PREHOOK: type: CREATEDATABASE
POSTHOOK: query: create database xxx
POSTHOOK: type: CREATEDATABASE
PREHOOK: query: use xxx
PREHOOK: type: SWITCHDATABASE
POSTHOOK: query: use xxx
POSTHOOK: type: SWITCHDATABASE
PREHOOK: query: explain
select current_database()
PREHOOK: type: QUERY
POSTHOOK: query: explain
select current_database()
POSTHOOK: type: QUERY
ABSTRACT SYNTAX TREE:
  (TOK_QUERY (TOK_INSERT (TOK_DESTINATION (TOK_DIR TOK_TMP_FILE)) (TOK_SELECT (TOK_SELEXPR (TOK_FUNCTION current_database)))))

STAGE DEPENDENCIES:
  Stage-1 is a root stage
  Stage-0 is a root stage

STAGE PLANS:
  Stage: Stage-1
    Map Reduce
      Alias -> Map Operator Tree:
        _dummy_alias 
          TableScan
            alias: _dummy_alias
            Row Limit Per Split: 1
            Select Operator
              expressions:
                    expr: current_database()
                    type: string
              outputColumnNames: _col0
              File Output Operator
                compressed: false
                GlobalTableId: 0
                table:
                    input format: org.apache.hadoop.mapred.TextInputFormat
                    output format: org.apache.hadoop.hive.ql.io.HiveIgnoreKeyTextOutputFormat

  Stage: Stage-0
    Fetch Operator
      limit: -1

PREHOOK: query: select current_database()
PREHOOK: type: QUERY
PREHOOK: Input: default@_dummy_alias
#### A masked pattern was here ####
POSTHOOK: query: select current_database()
POSTHOOK: type: QUERY
POSTHOOK: Input: default@_dummy_alias
#### A masked pattern was here ####
xxx
