PREHOOK: query: DROP VIEW xxx6
PREHOOK: type: DROPVIEW
POSTHOOK: query: DROP VIEW xxx6
POSTHOOK: type: DROPVIEW
PREHOOK: query: CREATE VIEW xxx6
PARTITIONED ON (value)
AS 
SELECT * FROM src
PREHOOK: type: CREATEVIEW
PREHOOK: Input: default@src
POSTHOOK: query: CREATE VIEW xxx6
PARTITIONED ON (value)
AS 
SELECT * FROM src
POSTHOOK: type: CREATEVIEW
POSTHOOK: Input: default@src
POSTHOOK: Output: default@xxx6
FAILED: SemanticException [Error 10214]: Invalid partition spec specified value not found in table's partition spec: {v=val_86}
