Authorization failed:No privilege 'Create' found for outputs { global}. Use SHOW GRANT to get more details.
