PREHOOK: query: describe src_thrift.$elem$
PREHOOK: type: DESCTABLE
#### A masked pattern was here ####
