PREHOOK: query: describe src_thrift.$key$
PREHOOK: type: DESCTABLE
#### A masked pattern was here ####
