PREHOOK: query: CREATE TABLE SAMPLETABLE(IP STRING , showtime BIGINT ) partitioned by (ds string,ipz int) ROW FORMAT DELIMITED FIELDS TERMINATED BY '\040'
PREHOOK: type: CREATETABLE
POSTHOOK: query: CREATE TABLE SAMPLETABLE(IP STRING , showtime BIGINT ) partitioned by (ds string,ipz int) ROW FORMAT DELIMITED FIELDS TERMINATED BY '\040'
POSTHOOK: type: CREATETABLE
POSTHOOK: Output: default@SAMPLETABLE
PREHOOK: query: ALTER TABLE SAMPLETABLE add Partition(ds='sf') location '/user/hive/warehouse' Partition(ipz=100) location '/user/hive/warehouse'
PREHOOK: type: ALTERTABLE_ADDPARTS
PREHOOK: Input: default@sampletable
FAILED: Error in metadata: table is partitioned but partition spec is not specified or does not fully match table partitioning: {ds=sf}
FAILED: Error in metadata: table is partitioned but partition spec is not specified or does not fully match table partitioning: {ipz=100}
FAILED: Execution Error, return code 1 from org.apache.hadoop.hive.ql.exec.DDLTask
