FAILED: SemanticException [Error 10302]: Line 1:35 Invalid location for TOK_ALLCOLREF '...'
