FAILED: SemanticException [Error 10301]: Line 1:15 Invalid location for ellipsis '...'
