PREHOOK: query: create external table external2(a int, b int) partitioned by (ds string)
PREHOOK: type: CREATETABLE
PREHOOK: Output: database:default
POSTHOOK: query: create external table external2(a int, b int) partitioned by (ds string)
POSTHOOK: type: CREATETABLE
POSTHOOK: Output: database:default
POSTHOOK: Output: default@external2
FAILED: SemanticException java.io.IOException: No FileSystem for scheme: invalidscheme
