FAILED: SemanticException java.io.IOException: No FileSystem for scheme: invalidscheme
