FAILED: SemanticException [Error 10009]: Line 1:47 Invalid table alias '0'
