FAILED: SemanticException [Error 10301]: Sum of skew cluster size is too big.
