FAILED: SemanticException [Error 10298]: Failed to find alias for skew expression (= 0 0)
